// Jest Snapshot v1, https://goo.gl/fbAQLP

exports[`Article component renders Article 1`] = `
<DocumentFragment>
  <div>
    <p>
      Test title
    </p>
    <p>
      Test author
    </p>
    <p>
      Test description
    </p>
  </div>
</DocumentFragment>
`;
